Flutter crash report.
Please report a bug at https://github.com/flutter/flutter/issues.

## command

flutter run lib/1-Main.dart

## exception

ExistingDartDevelopmentServiceException: DartDevelopmentServiceException: JSON-RPC error 100: Existing VM service clients prevent DDS from taking control.

```
```

## flutter doctor

```
[32m[✓][39m Flutter (Channel stable, 3.32.0, on Microsoft Windows [Version
    10.0.26100.4202], locale en-ID) [1,748ms]
    [32m•[39m Flutter version 3.32.0 on channel stable at C:\flutter
    [32m•[39m Upstream repository https://github.com/flutter/flutter.git
    [32m•[39m Framework revision be698c48a6 (10 days ago), 2025-05-19 12:59:14
      -0700
    [32m•[39m Engine revision 1881800949
    [32m•[39m Dart version 3.8.0
    [32m•[39m DevTools version 2.45.1

[32m[✓][39m Windows Version (11 Home Single Language 64-bit, 24H2, 2009)
    [11.4s]

[32m[✓][39m Android toolchain - develop for Android devices (Android SDK
    version 35.0.1) [11.0s]
    [32m•[39m Android SDK at C:\Users\rifa
      mardhatillah\AppData\Local\Android\sdk
    [32m•[39m Platform android-35, build-tools 35.0.1
    [32m•[39m Java binary at: C:\Program Files\Android\Android
      Studio\jbr\bin\java
      This is the JDK bundled with the latest Android Studio
      installation on this machine.
      To manually set the JDK path, use: `flutter config
      --jdk-dir="path/to/jdk"`.
    [32m•[39m Java version OpenJDK Runtime Environment (build
      21.0.4+-12508038-b607.1)
    [32m•[39m All Android licenses accepted.

[32m[✓][39m Chrome - develop for the web [524ms]
    [32m•[39m Chrome at C:\Users\rifa
      mardhatillah\AppData\Local\Google\Chrome\Application\chrome.exe

[32m[✓][39m Visual Studio - develop Windows apps (Visual Studio Community 2022
    17.13.1) [521ms]
    [32m•[39m Visual Studio at C:\Program Files\Microsoft Visual
      Studio\2022\Community
    [32m•[39m Visual Studio Community 2022 version 17.13.35818.85
    [32m•[39m Windows 10 SDK version 10.0.22621.0

[32m[✓][39m Android Studio (version 2024.2) [21ms]
    [32m•[39m Android Studio at C:\Program Files\Android\Android Studio
    [32m•[39m Flutter plugin can be installed from:
      🔨 https://plugins.jetbrains.com/plugin/9212-flutter
    [32m•[39m Dart plugin can be installed from:
      🔨 https://plugins.jetbrains.com/plugin/6351-dart
    [32m•[39m Java version OpenJDK Runtime Environment (build
      21.0.4+-12508038-b607.1)

[32m[✓][39m VS Code (version 1.100.2) [15ms]
    [32m•[39m VS Code at C:\Users\rifa
      mardhatillah\AppData\Local\Programs\Microsoft VS Code
    [32m•[39m Flutter extension version 3.110.0

[32m[✓][39m Connected device (3 available) [324ms]
    [32m•[39m Windows (desktop) • windows • windows-x64    • Microsoft Windows
      [Version 10.0.26100.4202]
    [32m•[39m Chrome (web)      • chrome  • web-javascript • Google Chrome
      136.0.7103.114
    [32m•[39m Edge (web)        • edge    • web-javascript • Microsoft Edge
      136.0.3240.92

[32m[✓][39m Network resources [624ms]
    [32m•[39m All expected network resources are available.

[32m•[39m No issues found!
```
